###############################################################################
#
# IAR ELF Linker V8.50.1.245/W32 for ARM                  24/Feb/2021  21:37:54
# Copyright 2007-2020 IAR Systems AB.
#
#    Output file  =
#        C:\Users\StevensUser\Desktop\button\EWARM\button\Exe\button.out
#    Map file     =
#        C:\Users\StevensUser\Desktop\button\EWARM\button\List\button.map
#    Command line =
#        -f C:\Users\STEVEN~1\AppData\Local\Temp\EW7869.tmp
#        (C:\Users\StevensUser\Desktop\button\EWARM\button\Obj\bTest.o
#        C:\Users\StevensUser\Desktop\button\EWARM\button\Obj\main.o
#        C:\Users\StevensUser\Desktop\button\EWARM\button\Obj\startup_stm32g070xx.o
#        C:\Users\StevensUser\Desktop\button\EWARM\button\Obj\stm32g0xx_hal.o
#        C:\Users\StevensUser\Desktop\button\EWARM\button\Obj\stm32g0xx_hal_cortex.o
#        C:\Users\StevensUser\Desktop\button\EWARM\button\Obj\stm32g0xx_hal_dma.o
#        C:\Users\StevensUser\Desktop\button\EWARM\button\Obj\stm32g0xx_hal_dma_ex.o
#        C:\Users\StevensUser\Desktop\button\EWARM\button\Obj\stm32g0xx_hal_exti.o
#        C:\Users\StevensUser\Desktop\button\EWARM\button\Obj\stm32g0xx_hal_flash.o
#        C:\Users\StevensUser\Desktop\button\EWARM\button\Obj\stm32g0xx_hal_flash_ex.o
#        C:\Users\StevensUser\Desktop\button\EWARM\button\Obj\stm32g0xx_hal_gpio.o
#        C:\Users\StevensUser\Desktop\button\EWARM\button\Obj\stm32g0xx_hal_msp.o
#        C:\Users\StevensUser\Desktop\button\EWARM\button\Obj\stm32g0xx_hal_pwr.o
#        C:\Users\StevensUser\Desktop\button\EWARM\button\Obj\stm32g0xx_hal_pwr_ex.o
#        C:\Users\StevensUser\Desktop\button\EWARM\button\Obj\stm32g0xx_hal_rcc.o
#        C:\Users\StevensUser\Desktop\button\EWARM\button\Obj\stm32g0xx_hal_rcc_ex.o
#        C:\Users\StevensUser\Desktop\button\EWARM\button\Obj\stm32g0xx_hal_tim.o
#        C:\Users\StevensUser\Desktop\button\EWARM\button\Obj\stm32g0xx_hal_tim_ex.o
#        C:\Users\StevensUser\Desktop\button\EWARM\button\Obj\stm32g0xx_it.o
#        C:\Users\StevensUser\Desktop\button\EWARM\button\Obj\stm32g0xx_ll_rcc.o
#        C:\Users\StevensUser\Desktop\button\EWARM\button\Obj\system_stm32g0xx.o
#        --redirect _Printf=_PrintfFull --redirect _Scanf=_ScanfFull
#        --no_out_extension -o
#        C:\Users\StevensUser\Desktop\button\EWARM\button\Exe\button.out --map
#        C:\Users\StevensUser\Desktop\button\EWARM\button\List\button.map
#        --config
#        C:\Users\StevensUser\Desktop\button\EWARM/stm32g070xx_flash.icf
#        --semihosting --entry __iar_program_start --vfe --text_out locale)
#
###############################################################################

*******************************************************************************
*** RUNTIME MODEL ATTRIBUTES
***

CppFlavor       = *
__SystemLibrary = DLib
__dlib_version  = 6


*******************************************************************************
*** HEAP SELECTION
***

The basic heap was selected because some modules are built with
size limitations (and not runtime checking), and --advanced_heap
was not specified.


*******************************************************************************
*** PLACEMENT SUMMARY
***

"A0":  place at address 0x800'0000 { ro section .intvec };
"P1":  place in [from 0x800'0000 to 0x801'ffff] { ro };
define block CSTACK with size = 1K, alignment = 8 { };
define block HEAP with size = 512, alignment = 8 { };
"P2":  place in [from 0x2000'0000 to 0x2000'8fff] {
          rw, block CSTACK, block HEAP };
initialize by copy { rw };

  Section            Kind         Address   Size  Object
  -------            ----         -------   ----  ------
"A0":                                       0xb8
  .intvec            ro code   0x800'0000   0xb8  startup_stm32g070xx.o [1]
                             - 0x800'00b8   0xb8

"P1":                                      0xc9e
  .text              ro code   0x800'00b8  0x5d8  stm32g0xx_hal_rcc.o [1]
  .text              ro code   0x800'0690    0xc  stm32g0xx_hal.o [1]
  .text              ro code   0x800'069c   0x36  I32DivMod.o [3]
  .text              ro code   0x800'06d2    0x2  startup_stm32g070xx.o [1]
  .text              ro code   0x800'06d4   0x4c  stm32g0xx_hal.o [1]
  .text              ro code   0x800'0720    0x2  IntDivZer.o [3]
  .text              ro code   0x800'0722    0x2  startup_stm32g070xx.o [1]
  .text              ro code   0x800'0724   0x78  stm32g0xx_hal_cortex.o [1]
  .text              ro code   0x800'079c  0x160  stm32g0xx_hal_gpio.o [1]
  .text              ro code   0x800'08fc  0x146  main.o [1]
  .text              ro code   0x800'0a42    0x2  startup_stm32g070xx.o [1]
  .text              ro code   0x800'0a44   0x28  stm32g0xx_hal.o [1]
  .text              ro code   0x800'0a6c   0x14  memset.o [3]
  .text              ro code   0x800'0a80   0x50  bTest.o [1]
  .text              ro code   0x800'0ad0   0x4c  stm32g0xx_hal_pwr_ex.o [1]
  .text              ro code   0x800'0b1c   0x30  stm32g0xx_hal_msp.o [1]
  .text              ro code   0x800'0b4c   0x4e  ABImemset.o [3]
  .text              ro code   0x800'0b9a    0x2  startup_stm32g070xx.o [1]
  .rodata            const     0x800'0b9c   0x40  system_stm32g0xx.o [1]
  .text              ro code   0x800'0bdc   0x3c  stm32g0xx_it.o [1]
  .text              ro code   0x800'0c18   0x10  stm32g0xx_hal.o [1]
  .text              ro code   0x800'0c28   0x30  copy_init3.o [3]
  .text              ro code   0x800'0c58   0x28  data_init.o [3]
  .iar.init_table    const     0x800'0c80   0x14  - Linker created -
  Initializer bytes  const     0x800'0c94   0x20  <for P2-1>
  .text              ro code   0x800'0cb4   0x1e  cmain.o [3]
  .text              ro code   0x800'0cd2    0x4  low_level_init.o [2]
  .text              ro code   0x800'0cd6    0x8  exit.o [2]
  .text              ro code   0x800'0cde    0x2  startup_stm32g070xx.o [1]
  .text              ro code   0x800'0ce0    0xa  cexit.o [3]
  .text              ro code   0x800'0cea    0x2  startup_stm32g070xx.o [1]
  .text              ro code   0x800'0cec   0x14  exit.o [4]
  .text              ro code   0x800'0d00   0x10  startup_stm32g070xx.o [1]
  .text              ro code   0x800'0d10   0x10  system_stm32g0xx.o [1]
  .text              ro code   0x800'0d20    0xc  cstartup_M.o [3]
  .text              ro code   0x800'0d2c    0x2  startup_stm32g070xx.o [1]
  .text              ro code   0x800'0d2e    0x2  startup_stm32g070xx.o [1]
  .text              ro code   0x800'0d30    0x2  startup_stm32g070xx.o [1]
  .text              ro code   0x800'0d32    0x2  startup_stm32g070xx.o [1]
  .text              ro code   0x800'0d34    0x2  startup_stm32g070xx.o [1]
  .text              ro code   0x800'0d36    0x2  startup_stm32g070xx.o [1]
  .text              ro code   0x800'0d38    0x2  startup_stm32g070xx.o [1]
  .text              ro code   0x800'0d3a    0x2  startup_stm32g070xx.o [1]
  .text              ro code   0x800'0d3c    0x2  startup_stm32g070xx.o [1]
  .text              ro code   0x800'0d3e    0x2  startup_stm32g070xx.o [1]
  .text              ro code   0x800'0d40    0x2  startup_stm32g070xx.o [1]
  .text              ro code   0x800'0d42    0x2  startup_stm32g070xx.o [1]
  .text              ro code   0x800'0d44    0x2  startup_stm32g070xx.o [1]
  .text              ro code   0x800'0d46    0x2  startup_stm32g070xx.o [1]
  .text              ro code   0x800'0d48    0x2  startup_stm32g070xx.o [1]
  .text              ro code   0x800'0d4a    0x2  startup_stm32g070xx.o [1]
  .text              ro code   0x800'0d4c    0x2  startup_stm32g070xx.o [1]
  .text              ro code   0x800'0d4e    0x2  startup_stm32g070xx.o [1]
  .text              ro code   0x800'0d50    0x2  startup_stm32g070xx.o [1]
  .text              ro code   0x800'0d52    0x2  startup_stm32g070xx.o [1]
  .text              ro code   0x800'0d54    0x2  startup_stm32g070xx.o [1]
  .rodata            const     0x800'0d56    0x0  copy_init3.o [3]
                             - 0x800'0d56  0xc9e

"P2", part 1 of 2:                          0x20
  P2-1                        0x2000'0000   0x20  <Init block>
    .data            inited   0x2000'0000    0xc  stm32g0xx_hal.o [1]
    .data            inited   0x2000'000c    0x4  system_stm32g0xx.o [1]
    .data            inited   0x2000'0010    0x6  stm32g0xx_it.o [1]
    .bss             inited   0x2000'0016    0x2  bTest.o [1]
    .data            inited   0x2000'0018    0x1  bTest.o [1]
    .bss             inited   0x2000'0019    0x1  bTest.o [1]
    .bss             inited   0x2000'001a    0x1  bTest.o [1]
    .bss             inited   0x2000'001b    0x4  bTest.o [1]
    .bss             inited   0x2000'001f    0x1  bTest.o [1]
                            - 0x2000'0020   0x20

"P2", part 2 of 2:                         0x400
  CSTACK                      0x2000'0020  0x400  <Block>
    CSTACK           uninit   0x2000'0020  0x400  <Block tail>
                            - 0x2000'0420  0x400

Unused ranges:

         From           To      Size
         ----           --      ----
   0x800'0d56   0x801'ffff  0x1'f2aa
  0x2000'0420  0x2000'8fff    0x8be0


*******************************************************************************
*** INIT TABLE
***

          Address      Size
          -------      ----
Copy (__iar_copy_init3)
    1 source range, total size 0x20:
           0x800'0c94  0x20
    1 destination range, total size 0x20:
          0x2000'0000  0x20



*******************************************************************************
*** MODULE SUMMARY
***

    Module                  ro code  ro data  rw data
    ------                  -------  -------  -------
command line/config:
    -------------------------------------------------
    Total:

C:\Users\StevensUser\Desktop\button\EWARM\button\Obj: [1]
    bTest.o                      80       10       10
    main.o                      326
    startup_stm32g070xx.o       254
    stm32g0xx_hal.o             144       12       12
    stm32g0xx_hal_cortex.o      120
    stm32g0xx_hal_gpio.o        352
    stm32g0xx_hal_msp.o          48
    stm32g0xx_hal_pwr_ex.o       76
    stm32g0xx_hal_rcc.o       1'496
    stm32g0xx_it.o               60        6        6
    system_stm32g0xx.o           16       68        4
    -------------------------------------------------
    Total:                    2'972       96       32

dl6M_tlf.a: [2]
    exit.o                        8
    low_level_init.o              4
    -------------------------------------------------
    Total:                       12

rt6M_tl.a: [3]
    ABImemset.o                  78
    I32DivMod.o                  54
    IntDivZer.o                   2
    cexit.o                      10
    cmain.o                      30
    copy_init3.o                 48
    cstartup_M.o                 12
    data_init.o                  40
    memset.o                     20
    -------------------------------------------------
    Total:                      294

shb_l.a: [4]
    exit.o                       20
    -------------------------------------------------
    Total:                       20

    Linker created                        20    1'024
-----------------------------------------------------
    Grand Total:              3'298      116    1'056


*******************************************************************************
*** ENTRY LIST
***

Entry                       Address   Size  Type      Object
-----                       -------   ----  ----      ------
.iar.init_table$$Base    0x800'0c80          --   Gb  - Linker created -
.iar.init_table$$Limit   0x800'0c94          --   Gb  - Linker created -
?main                    0x800'0cb5         Code  Gb  cmain.o [3]
AHBPrescTable            0x800'0b9c   0x40  Data  Gb  system_stm32g0xx.o [1]
CSTACK$$Base            0x2000'0020          --   Gb  - Linker created -
CSTACK$$Limit           0x2000'0420          --   Gb  - Linker created -
GetButtonVal             0x800'0a81   0x18  Code  Gb  bTest.o [1]
HAL_GPIO_Init            0x800'079d  0x13c  Code  Gb  stm32g0xx_hal_gpio.o [1]
HAL_GPIO_ReadPin         0x800'08d9    0xc  Code  Gb  stm32g0xx_hal_gpio.o [1]
HAL_GetTick              0x800'0691    0xc  Code  Wk  stm32g0xx_hal.o [1]
HAL_IncTick              0x800'0c19   0x10  Code  Wk  stm32g0xx_hal.o [1]
HAL_Init                 0x800'0a45   0x24  Code  Gb  stm32g0xx_hal.o [1]
HAL_InitTick             0x800'06d5   0x4c  Code  Wk  stm32g0xx_hal.o [1]
HAL_MspInit              0x800'0b1d   0x30  Code  Gb  stm32g0xx_hal_msp.o [1]
HAL_NVIC_SetPriority     0x800'075f    0x8  Code  Gb  stm32g0xx_hal_cortex.o [1]
HAL_PWREx_ControlVoltageScaling
                         0x800'0ad1   0x3a  Code  Gb  stm32g0xx_hal_pwr_ex.o [1]
HAL_RCC_ClockConfig      0x800'0489  0x14e  Code  Gb  stm32g0xx_hal_rcc.o [1]
HAL_RCC_GetSysClockFreq
                         0x800'05e9   0x82  Code  Gb  stm32g0xx_hal_rcc.o [1]
HAL_RCC_OscConfig        0x800'00b9  0x3ba  Code  Gb  stm32g0xx_hal_rcc.o [1]
HAL_SYSTICK_Config       0x800'0767   0x28  Code  Gb  stm32g0xx_hal_cortex.o [1]
HardFault_Handler        0x800'0bdf    0x2  Code  Gb  stm32g0xx_it.o [1]
NMI_Handler              0x800'0bdd    0x2  Code  Gb  stm32g0xx_it.o [1]
PendSV_Handler           0x800'0be3    0x2  Code  Gb  stm32g0xx_it.o [1]
ProcessKeyCode           0x800'0a99   0x30  Code  Gb  bTest.o [1]
Region$$Table$$Base      0x800'0c80          --   Gb  - Linker created -
Region$$Table$$Limit     0x800'0c94          --   Gb  - Linker created -
SVC_Handler              0x800'0be1    0x2  Code  Gb  stm32g0xx_it.o [1]
SysTick_Handler          0x800'0be5   0x2a  Code  Gb  stm32g0xx_it.o [1]
SystemClock_Config       0x800'09f5   0x4e  Code  Gb  main.o [1]
SystemCoreClock         0x2000'000c    0x4  Data  Gb  system_stm32g0xx.o [1]
SystemInit               0x800'0d11    0xa  Code  Gb  system_stm32g0xx.o [1]
__ICFEDIT_region_RAM_end__ {Abs}
                        0x2000'8fff         Data  Gb  <internal module>
__ICFEDIT_region_RAM_start__ {Abs}
                        0x2000'0000         Data  Gb  <internal module>
__NVIC_SetPriority       0x800'0725   0x3a  Code  Lc  stm32g0xx_hal_cortex.o [1]
__aeabi_idiv0            0x800'0721         Code  Gb  IntDivZer.o [3]
__aeabi_memset           0x800'0b4d         Code  Gb  ABImemset.o [3]
__cmain                  0x800'0cb5         Code  Gb  cmain.o [3]
__exit                   0x800'0ced   0x14  Code  Gb  exit.o [4]
__iar_Memset4_word       0x800'0b6d         Code  Gb  ABImemset.o [3]
__iar_Memset_word        0x800'0b59         Code  Gb  ABImemset.o [3]
__iar_copy_init3         0x800'0c29   0x30  Code  Gb  copy_init3.o [3]
__iar_data_init3         0x800'0c59   0x28  Code  Gb  data_init.o [3]
__iar_program_start      0x800'0d21         Code  Gb  cstartup_M.o [3]
__iar_small_uidiv        0x800'069d         Code  Gb  I32DivMod.o [3]
__iar_small_uidivmod     0x800'069d         Code  Gb  I32DivMod.o [3]
__low_level_init         0x800'0cd3    0x4  Code  Gb  low_level_init.o [2]
__vector_table           0x800'0000         Data  Gb  startup_stm32g070xx.o [1]
_call_main               0x800'0cc1         Code  Gb  cmain.o [3]
_exit                    0x800'0ce1         Code  Gb  cexit.o [3]
_main                    0x800'0ccf         Code  Gb  cmain.o [3]
buttonCounter           0x2000'0018    0x1  Data  Gb  bTest.o [1]
buttonHoldCounter       0x2000'0016    0x2  Data  Gb  bTest.o [1]
buttonRepeatCounter     0x2000'001a    0x1  Data  Gb  bTest.o [1]
exit                     0x800'0cd7    0x8  Code  Gb  exit.o [2]
fiftyCounter            0x2000'0014    0x2  Data  Gb  stm32g0xx_it.o [1]
fiftyMsFlag             0x2000'0011    0x1  Data  Gb  stm32g0xx_it.o [1]
holdCounter             0x2000'001c    0x1  Data  Gb  bTest.o [1]
holdVal                 0x2000'001e    0x1  Data  Gb  bTest.o [1]
keyCode                 0x2000'0019    0x1  Data  Gb  bTest.o [1]
lastKeyCode             0x2000'001f    0x1  Data  Gb  bTest.o [1]
main                     0x800'08fd   0xd2  Code  Gb  main.o [1]
memset                   0x800'0a6d   0x14  Code  Gb  memset.o [3]
pressCounter            0x2000'001d    0x1  Data  Gb  bTest.o [1]
repeatCounter           0x2000'001b    0x1  Data  Gb  bTest.o [1]
tenCounter              0x2000'0012    0x2  Data  Gb  stm32g0xx_it.o [1]
tenMsFlag               0x2000'0010    0x1  Data  Gb  stm32g0xx_it.o [1]
uwTick                  0x2000'0000    0x4  Data  Gb  stm32g0xx_hal.o [1]
uwTickFreq              0x2000'0008    0x4  Data  Gb  stm32g0xx_hal.o [1]
uwTickPrio              0x2000'0004    0x4  Data  Gb  stm32g0xx_hal.o [1]


[1] = C:\Users\StevensUser\Desktop\button\EWARM\button\Obj
[2] = dl6M_tlf.a
[3] = rt6M_tl.a
[4] = shb_l.a

  3'298 bytes of readonly  code memory
    116 bytes of readonly  data memory
  1'056 bytes of readwrite data memory

Errors: none
Warnings: none
